2026-05-07T20:23:25.989890500255-20:23:25 **** Build of configuration Debug for project mb_driving_sim ****
000-make all 
000-'Building file: ../src/lw_usb/HID.c'
000-'Invoking: MicroBlaze gcc compiler'
000-mb-gcc -Wall -O0 -g3 -c -fmessage-length=0 -MT"src/lw_usb/HID.o" -IC:/Users/tingw/driving_simulator/driving_simulator_sdk/mb_usb_hdmi_top/export/mb_usb_hdmi_top/sw/mb_usb_hdmi_top/standalone_microblaze_0/bspinclude/include -mno-xl-reorder -mlittle-endian -mxl-barrel-shift -mxl-pattern-compare -mcpu=v11.0 -mno-xl-soft-mul -Wl,--no-relax -ffunction-sections -fdata-sections -MMD -MP -MF"src/lw_usb/HID.d" -MT"src/lw_usb/HID.o" -o "src/lw_usb/HID.o" "../src/lw_usb/HID.c"
000/mb_driving_sim/src/lw_usb/HID.c9-1-1braces around scalar initializer1-../src/lw_usb/HID.c:9:1: warning: braces around scalar initializer
000-    9 | HID_DEVICE hid_device = { { 0 } };
000-      | ^~~~~~~~~~
000/mb_driving_sim/src/lw_usb/HID.c9-1-1(near initialization for 'hid_device.addr')0-../src/lw_usb/HID.c:9:1: note: (near initialization for 'hid_device.addr')
000-'Finished building: ../src/lw_usb/HID.c'
000-' '
000-'Building file: ../src/lw_usb/MAX3421E.c'
000-'Invoking: MicroBlaze gcc compiler'
000-mb-gcc -Wall -O0 -g3 -c -fmessage-length=0 -MT"src/lw_usb/MAX3421E.o" -IC:/Users/tingw/driving_simulator/driving_simulator_sdk/mb_usb_hdmi_top/export/mb_usb_hdmi_top/sw/mb_usb_hdmi_top/standalone_microblaze_0/bspinclude/include -mno-xl-reorder -mlittle-endian -mxl-barrel-shift -mxl-pattern-compare -mcpu=v11.0 -mno-xl-soft-mul -Wl,--no-relax -ffunction-sections -fdata-sections -MMD -MP -MF"src/lw_usb/MAX3421E.d" -MT"src/lw_usb/MAX3421E.o" -o "src/lw_usb/MAX3421E.o" "../src/lw_usb/MAX3421E.c"
000-In file included from C:/Users/tingw/driving_simulator/driving_simulator_sdk/mb_usb_hdmi_top/export/mb_usb_hdmi_top/sw/mb_usb_hdmi_top/standalone_microblaze_0/bspinclude/include/xspi.h:303,
000-                 from ../src/lw_usb/MAX3421E.c:14:
000-../src/lw_usb/MAX3421E.c: In function 'SPI_init':
000/mb_usb_hdmi_top/export/mb_usb_hdmi_top/sw/mb_usb_hdmi_top/standalone_microblaze_0/bspinclude/include/xstatus.h44-1-1'return' with a value, in function returning void [-Wreturn-type]1-C:/Users/tingw/driving_simulator/driving_simulator_sdk/mb_usb_hdmi_top/export/mb_usb_hdmi_top/sw/mb_usb_hdmi_top/standalone_microblaze_0/bspinclude/include/xstatus.h:44:41: warning: 'return' with a value, in function returning void [-Wreturn-type]
000-   44 | #define XST_DEVICE_NOT_FOUND            2L
000-      |                                         ^~
000/mb_driving_sim/src/lw_usb/MAX3421E.c38-1-1in expansion of macro 'XST_DEVICE_NOT_FOUND'0-../src/lw_usb/MAX3421E.c:38:24: note: in expansion of macro 'XST_DEVICE_NOT_FOUND'
000-   38 |                 return XST_DEVICE_NOT_FOUND;
000-      |                        ^~~~~~~~~~~~~~~~~~~~
000/mb_driving_sim/src/lw_usb/MAX3421E.c32-1-1declared here0-../src/lw_usb/MAX3421E.c:32:6: note: declared here
000-   32 | void SPI_init() {
000-      |      ^~~~~~~~
000-In file included from C:/Users/tingw/driving_simulator/driving_simulator_sdk/mb_usb_hdmi_top/export/mb_usb_hdmi_top/sw/mb_usb_hdmi_top/standalone_microblaze_0/bspinclude/include/xspi.h:303,
000-                 from ../src/lw_usb/MAX3421E.c:14:
000/mb_usb_hdmi_top/export/mb_usb_hdmi_top/sw/mb_usb_hdmi_top/standalone_microblaze_0/bspinclude/include/xstatus.h43-1-1'return' with a value, in function returning void [-Wreturn-type]1-C:/Users/tingw/driving_simulator/driving_simulator_sdk/mb_usb_hdmi_top/export/mb_usb_hdmi_top/sw/mb_usb_hdmi_top/standalone_microblaze_0/bspinclude/include/xstatus.h:43:41: warning: 'return' with a value, in function returning void [-Wreturn-type]
000-   43 | #define XST_FAILURE                     1L
000-      |                                         ^~
000/mb_driving_sim/src/lw_usb/MAX3421E.c44-1-1in expansion of macro 'XST_FAILURE'0-../src/lw_usb/MAX3421E.c:44:24: note: in expansion of macro 'XST_FAILURE'
000-   44 |                 return XST_FAILURE;
000-      |                        ^~~~~~~~~~~
000/mb_driving_sim/src/lw_usb/MAX3421E.c32-1-1declared here0-../src/lw_usb/MAX3421E.c:32:6: note: declared here
000-   32 | void SPI_init() {
000-      |      ^~~~~~~~
000-../src/lw_usb/MAX3421E.c: In function 'MAX3421E_Task':
000/mb_driving_sim/src/lw_usb/MAX3421E.c305-1-1suggest parentheses around comparison in operand of '&' [-Wparentheses]1-../src/lw_usb/MAX3421E.c:305:46: warning: suggest parentheses around comparison in operand of '&' [-Wparentheses]
000-  305 |         if (XGpio_DiscreteRead(&Gpio_int, 1) & 0x01 == 0) {
000-      |                                              ^
000-../src/lw_usb/MAX3421E.c: In function 'MaxGpxHandler':
000/mb_driving_sim/src/lw_usb/MAX3421E.c341-1-1variable 'GPINIRQ' set but not used [-Wunused-but-set-variable]1-../src/lw_usb/MAX3421E.c:341:14: warning: variable 'GPINIRQ' set but not used [-Wunused-but-set-variable]
000-  341 |         BYTE GPINIRQ;
000-      |              ^~~~~~~
000-'Finished building: ../src/lw_usb/MAX3421E.c'
000-' '
000-'Building file: ../src/lw_usb/transfer.c'
000-'Invoking: MicroBlaze gcc compiler'
000-mb-gcc -Wall -O0 -g3 -c -fmessage-length=0 -MT"src/lw_usb/transfer.o" -IC:/Users/tingw/driving_simulator/driving_simulator_sdk/mb_usb_hdmi_top/export/mb_usb_hdmi_top/sw/mb_usb_hdmi_top/standalone_microblaze_0/bspinclude/include -mno-xl-reorder -mlittle-endian -mxl-barrel-shift -mxl-pattern-compare -mcpu=v11.0 -mno-xl-soft-mul -Wl,--no-relax -ffunction-sections -fdata-sections -MMD -MP -MF"src/lw_usb/transfer.d" -MT"src/lw_usb/transfer.o" -o "src/lw_usb/transfer.o" "../src/lw_usb/transfer.c"
000/mb_driving_sim/src/lw_usb/transfer.c13-1-1braces around scalar initializer1-../src/lw_usb/transfer.c:13:1: warning: braces around scalar initializer
000-   13 | EP_RECORD dev0ep = {{ 0 }};         //Endpoint data structure for uninitialized device during enumeration
000-      | ^~~~~~~~~
000/mb_driving_sim/src/lw_usb/transfer.c13-1-1(near initialization for 'dev0ep.epAddr')0-../src/lw_usb/transfer.c:13:1: note: (near initialization for 'dev0ep.epAddr')
000-../src/lw_usb/transfer.c: In function 'XferInTransfer':
000/mb_driving_sim/src/lw_usb/transfer.c199-1-1unused variable 'tmpbyte' [-Wunused-variable]1-../src/lw_usb/transfer.c:199:7: warning: unused variable 'tmpbyte' [-Wunused-variable]
000-  199 |  BYTE tmpbyte;
000-      |       ^~~~~~~
000/mb_driving_sim/src/lw_usb/transfer.c198-1-1unused variable 'i' [-Wunused-variable]1-../src/lw_usb/transfer.c:198:7: warning: unused variable 'i' [-Wunused-variable]
000-  198 |  BYTE i;
000-      |       ^
000-'Finished building: ../src/lw_usb/transfer.c'
000-' '
000-'Building file: ../src/lw_usb_main.c'
000-'Invoking: MicroBlaze gcc compiler'
000-mb-gcc -Wall -O0 -g3 -c -fmessage-length=0 -MT"src/lw_usb_main.o" -IC:/Users/tingw/driving_simulator/driving_simulator_sdk/mb_usb_hdmi_top/export/mb_usb_hdmi_top/sw/mb_usb_hdmi_top/standalone_microblaze_0/bspinclude/include -mno-xl-reorder -mlittle-endian -mxl-barrel-shift -mxl-pattern-compare -mcpu=v11.0 -mno-xl-soft-mul -Wl,--no-relax -ffunction-sections -fdata-sections -MMD -MP -MF"src/lw_usb_main.d" -MT"src/lw_usb_main.o" -o "src/lw_usb_main.o" "../src/lw_usb_main.c"
000-../src/lw_usb_main.c: In function 'handle_uart_byte':
000/mb_driving_sim/src/lw_usb_main.c58-1-1implicit declaration of function 'printHex'; did you mean 'rindex'? [-Wimplicit-function-declaration]1-../src/lw_usb_main.c:58:13: warning: implicit declaration of function 'printHex'; did you mean 'rindex'? [-Wimplicit-function-declaration]
000-   58 |             printHex(out, 1);
000-      |             ^~~~~~~~
000-      |             rindex
000-../src/lw_usb_main.c: At top level:
000/mb_driving_sim/src/lw_usb_main.c133-1-1conflicting types for 'printHex'; have 'void(u32,  unsigned int)' {aka 'void(long unsigned int,  unsigned int)'}1void(long unsigned int,  unsigned int)../src/lw_usb_main.c:133:6: warning: conflicting types for 'printHex'; have 'void(u32,  unsigned int)' {aka 'void(long unsigned int,  unsigned int)'}
000-  133 | void printHex (u32 data, unsigned channel)
000-      |      ^~~~~~~~
000/mb_driving_sim/src/lw_usb_main.c58-1-1previous implicit declaration of 'printHex' with type 'void(u32,  unsigned int)' {aka 'void(long unsigned int,  unsigned int)'}0-../src/lw_usb_main.c:58:13: note: previous implicit declaration of 'printHex' with type 'void(u32,  unsigned int)' {aka 'void(long unsigned int,  unsigned int)'}
000-   58 |             printHex(out, 1);
000-      |             ^~~~~~~~
000-'Finished building: ../src/lw_usb_main.c'
000-' '
000-'Building file: ../src/platform.c'
000-'Invoking: MicroBlaze gcc compiler'
000-mb-gcc -Wall -O0 -g3 -c -fmessage-length=0 -MT"src/platform.o" -IC:/Users/tingw/driving_simulator/driving_simulator_sdk/mb_usb_hdmi_top/export/mb_usb_hdmi_top/sw/mb_usb_hdmi_top/standalone_microblaze_0/bspinclude/include -mno-xl-reorder -mlittle-endian -mxl-barrel-shift -mxl-pattern-compare -mcpu=v11.0 -mno-xl-soft-mul -Wl,--no-relax -ffunction-sections -fdata-sections -MMD -MP -MF"src/platform.d" -MT"src/platform.o" -o "src/platform.o" "../src/platform.c"
000-'Finished building: ../src/platform.c'
000-' '
000-'Building target: mb_driving_sim.elf'
000-'Invoking: MicroBlaze gcc linker'
000-mb-gcc -Wl,-T -Wl,../src/lscript.ld -LC:/Users/tingw/driving_simulator/driving_simulator_sdk/mb_usb_hdmi_top/export/mb_usb_hdmi_top/sw/mb_usb_hdmi_top/standalone_microblaze_0/bsplib/lib -mlittle-endian -mxl-barrel-shift -mxl-pattern-compare -mcpu=v11.0 -mno-xl-soft-mul -Wl,--no-relax -Wl,--gc-sections -o "mb_driving_sim.elf"  ./src/lw_usb/HID.o ./src/lw_usb/MAX3421E.o ./src/lw_usb/transfer.o  ./src/lw_usb_main.o ./src/platform.o   -Wl,--start-group,-lxil,-lgcc,-lc,--end-group
000-'Finished building target: mb_driving_sim.elf'
000-' '
000-'Invoking: MicroBlaze Print Size'
000-mb-size mb_driving_sim.elf  |tee "mb_driving_sim.elf.size"
000-   text	   data	    bss	    dec	    hex	filename
000-  26388	    568	   3812	  30768	   7830	mb_driving_sim.elf
000-'Finished building: mb_driving_sim.elf.size'
000-' '
00255-
20:23:27 Build Finished (took 1s.274ms)

